---
http_interactions:
- request:
    method: put
    uri: http://backend:5352/source/home:Iggy/_meta?user=Iggy
    body:
      encoding: UTF-8
      string: |
        <project name="home:Iggy">
          <title/>
          <description/>
          <person userid="Iggy" role="maintainer"/>
        </project>
    headers:
      Accept-Encoding:
      - gzip;q=1.0,deflate;q=0.6,identity;q=0.3
      Accept:
      - "*/*"
      User-Agent:
      - Ruby
  response:
    status:
      code: 200
      message: OK
    headers:
      Content-Type:
      - text/xml
      Cache-Control:
      - no-cache
      Connection:
      - close
      Content-Length:
      - '130'
    body:
      encoding: UTF-8
      string: |
        <project name="home:Iggy">
          <title></title>
          <description></description>
          <person userid="Iggy" role="maintainer"/>
        </project>
  recorded_at: Thu, 20 Jan 2022 10:31:17 GMT
- request:
    method: put
    uri: http://backend:5352/source/foo_project/_meta?user=user_33
    body:
      encoding: UTF-8
      string: |
        <project name="foo_project">
          <title>In Dubious Battle</title>
          <description/>
          <person userid="Iggy" role="maintainer"/>
        </project>
    headers:
      Accept-Encoding:
      - gzip;q=1.0,deflate;q=0.6,identity;q=0.3
      Accept:
      - "*/*"
      User-Agent:
      - Ruby
  response:
    status:
      code: 200
      message: OK
    headers:
      Content-Type:
      - text/xml
      Cache-Control:
      - no-cache
      Connection:
      - close
      Content-Length:
      - '149'
    body:
      encoding: UTF-8
      string: |
        <project name="foo_project">
          <title>In Dubious Battle</title>
          <description></description>
          <person userid="Iggy" role="maintainer"/>
        </project>
  recorded_at: Thu, 20 Jan 2022 10:31:17 GMT
- request:
    method: put
    uri: http://backend:5352/source/foo_project/bar_package/_meta?user=user_34
    body:
      encoding: UTF-8
      string: |
        <package name="bar_package" project="foo_project">
          <title>A Passage to India</title>
          <description>Ut vitae nam deserunt.</description>
        </package>
    headers:
      Accept-Encoding:
      - gzip;q=1.0,deflate;q=0.6,identity;q=0.3
      Accept:
      - "*/*"
      User-Agent:
      - Ruby
  response:
    status:
      code: 200
      message: OK
    headers:
      Content-Type:
      - text/xml
      Cache-Control:
      - no-cache
      Connection:
      - close
      Content-Length:
      - '150'
    body:
      encoding: UTF-8
      string: |
        <package name="bar_package" project="foo_project">
          <title>A Passage to India</title>
          <description>Ut vitae nam deserunt.</description>
        </package>
  recorded_at: Thu, 20 Jan 2022 10:31:17 GMT
- request:
    method: put
    uri: http://backend:5352/source/foo_project/bar_package/_config
    body:
      encoding: UTF-8
      string: Harum qui accusantium. Dignissimos voluptatem aut. Explicabo blanditiis
        omnis.
    headers:
      Accept-Encoding:
      - gzip;q=1.0,deflate;q=0.6,identity;q=0.3
      Accept:
      - "*/*"
      User-Agent:
      - Ruby
  response:
    status:
      code: 200
      message: OK
    headers:
      Content-Type:
      - text/xml
      Cache-Control:
      - no-cache
      Connection:
      - close
      Content-Length:
      - '213'
    body:
      encoding: UTF-8
      string: |
        <revision rev="1405" vrev="1405">
          <srcmd5>9064f2382a824592a750dd39d7684ece</srcmd5>
          <version>unknown</version>
          <time>1642674677</time>
          <user>unknown</user>
          <comment></comment>
          <requestid/>
        </revision>
  recorded_at: Thu, 20 Jan 2022 10:31:17 GMT
- request:
    method: put
    uri: http://backend:5352/source/foo_project/bar_package/somefile.txt
    body:
      encoding: UTF-8
      string: Ea quos quidem. Nulla ut tempora. Adipisci exercitationem eaque.
    headers:
      Accept-Encoding:
      - gzip;q=1.0,deflate;q=0.6,identity;q=0.3
      Accept:
      - "*/*"
      User-Agent:
      - Ruby
  response:
    status:
      code: 200
      message: OK
    headers:
      Content-Type:
      - text/xml
      Cache-Control:
      - no-cache
      Connection:
      - close
      Content-Length:
      - '213'
    body:
      encoding: UTF-8
      string: |
        <revision rev="1406" vrev="1406">
          <srcmd5>6993cbf905612766ad542b9b6a529e60</srcmd5>
          <version>unknown</version>
          <time>1642674677</time>
          <user>unknown</user>
          <comment></comment>
          <requestid/>
        </revision>
  recorded_at: Thu, 20 Jan 2022 10:31:17 GMT
recorded_with: VCR 6.0.0
